----------------------------------------------------------------------------
|...S.|..|.....|  |.....-|      |................|   |...............| |...|
|---|.|.--.---.|  |......--- ----..........-----.-----....---........---.-.|
|   |.|.|..| |.| --........| |.............|   |.......---| |-...........--|
|   |...S..| |.| |.......-----.......------|   |--------..---......------- |
|----------- |.| |-......| |....|...-- |...-----................----       |
|.....S....---.| |.......| |....|...|  |..............-----------          |
|.....|.|......| |.....--- |......---  |....---.......|                    |
|.....|.|------| |....--   --....-- |-------- ----....---------------      |
|.....|--......---BBB-|     |...--  |.......|    |..................|      |
|..........||........-|    --...|   |.......|    |...||.............|      |
|.....|...-||-........------....|   |.......---- |...||.............--     |
|.....|--......---...........--------..........| |.......---------...--    |
|.....| |------| |--.......--|   |..B......----- -----....| |.|  |....---  |
|.....| |......--| ------..| |----..B......|       |.--------.-- |-.....---|
|------ |........|  |.|....| |.....----BBBB---------...........---.........|
|       |........|  |...|..| |.....|  |-.............--------...........---|
|       --.....-----------.| |....-----.....----------     |.........----  |
|        |..|..B...........| |.|..........|.|              |.|........|    |
----------------------------------------------------------------------------
ENDMAP
