----------------------------------------------------------------------------
|...S.|..|.....|  |.....-|      |................|   |...............| |...|
|---|.|.--.---.|  |......--------..........-----.-----....---........---.-.|
|   |.|.|..| |.| --........BBB.............|   |.......---| |-...........--|
|   |...S..| |.| |.......-----.......------|   |--------..---......------- |
|----------- |.| |-......| |....|...-- |...-----................----       |
|.....S....---.| |.......| |....|...|  |..............-----------          |
|.....|.|......| |.....--- |......---  |....---.......|                    |
|.....|.|------| |....--   --....-- |-------- ----....---------------      |
|.....|--......---BBB-|     |...--  |.......|    |..................|      |
|..........||...|....-|    --...|   |.......|    |...||.............|      |
|.....|...-||-..|.....------....|   |.......---- |...||.............--     |
|.....|--......---.........|.--------..........| |.......---------...--    |
|.....| |BBBBBB| |--.......--|   |..B......----- -----....| |.|  |....---  |
|.....| |......--| ------..| |----..B......|       |.--------.-- |-.....---|
|------ |........|  |.|....| |.....----BBBB---------...........---.........|
|       |........|  |...|..| |.....|  |-.............--------...........---|
|       --.....-----------.| |....-----.....----------     |.........----  |
|        |..|..B...........| |.|..........|.|              |.|........|    |
----------------------------------------------------------------------------
